###############################################################################
#
# IAR ELF Linker V9.10.1.308/W64 for ARM                  07/Apr/2021  16:56:40
# Copyright 2007-2021 IAR Systems AB.
#
#    Output file  =
#        E:\Universidade\2020_2\Sistemas
#        Embarcados\Laboratorio5\EK-TM4C1294_RTOS_IAR8\Projects\tarefas\ewarm\Exe\tarefas.out
#    Map file     =
#        E:\Universidade\2020_2\Sistemas
#        Embarcados\Laboratorio5\EK-TM4C1294_RTOS_IAR8\Projects\tarefas\ewarm\List\tarefas.map
#    Command line =
#        -f "E:\Universidade\2020_2\Sistemas
#        Embarcados\Laboratorio5\EK-TM4C1294_RTOS_IAR8\Projects\tarefas\ewarm\Exe\tarefas.out.rsp"
#        ("E:\Universidade\2020_2\Sistemas
#        Embarcados\Laboratorio5\EK-TM4C1294_RTOS_IAR8\Projects\tarefas\ewarm\Obj\driverleds.o"
#        "E:\Universidade\2020_2\Sistemas
#        Embarcados\Laboratorio5\EK-TM4C1294_RTOS_IAR8\TivaWare_C_Series-2.1.4.178\driverlib\ewarm\Exe\driverlib.a"
#        "E:\Universidade\2020_2\Sistemas
#        Embarcados\Laboratorio5\EK-TM4C1294_RTOS_IAR8\CMSIS-5.6.0\CMSIS\RTOS2\RTX\Library\IAR\IDE\CM4F\Exe\RTX_CM.a"
#        "E:\Universidade\2020_2\Sistemas
#        Embarcados\Laboratorio5\EK-TM4C1294_RTOS_IAR8\Projects\tarefas\ewarm\Obj\RTX_Config.o"
#        "E:\Universidade\2020_2\Sistemas
#        Embarcados\Laboratorio5\EK-TM4C1294_RTOS_IAR8\Projects\tarefas\ewarm\Obj\rtx_lib.o"
#        "E:\Universidade\2020_2\Sistemas
#        Embarcados\Laboratorio5\EK-TM4C1294_RTOS_IAR8\Projects\tarefas\ewarm\Obj\startup_TM4C1294.o"
#        "E:\Universidade\2020_2\Sistemas
#        Embarcados\Laboratorio5\EK-TM4C1294_RTOS_IAR8\Projects\tarefas\ewarm\Obj\system_TM4C1294_TW.o"
#        "E:\Universidade\2020_2\Sistemas
#        Embarcados\Laboratorio5\EK-TM4C1294_RTOS_IAR8\Projects\tarefas\ewarm\Obj\tarefas.o"
#        --no_out_extension -o "E:\Universidade\2020_2\Sistemas
#        Embarcados\Laboratorio5\EK-TM4C1294_RTOS_IAR8\Projects\tarefas\ewarm\Exe\tarefas.out"
#        --map "E:\Universidade\2020_2\Sistemas
#        Embarcados\Laboratorio5\EK-TM4C1294_RTOS_IAR8\Projects\tarefas\ewarm\List\tarefas.map"
#        --config "C:\Program Files\IAR Systems\Embedded Workbench
#        9.0\arm\config\linker\TexasInstruments\TM4C1294NC.icf" --semihosting
#        --entry __iar_program_start --vfe --text_out locale)
#
###############################################################################

*******************************************************************************
*** RUNTIME MODEL ATTRIBUTES
***

CppFlavor       = *
__SystemLibrary = DLib
__dlib_version  = 6


*******************************************************************************
*** HEAP SELECTION
***

The basic heap was selected because some modules are built with
size limitations (and not runtime checking), and --advanced_heap
was not specified.


*******************************************************************************
*** PLACEMENT SUMMARY
***

"A0":  place at address 0x0 { ro section .intvec };
"P1":  place in [from 0x0 to 0xf'ffff] { ro };
define block CSTACK with size = 32K, alignment = 8 { };
define block HEAP with size = 64K, alignment = 8 { };
"P2":  place in [from 0x2000'0000 to 0x2003'ffff] {
          rw, block CSTACK, block HEAP };
initialize by copy { rw };

  Section               Kind         Address    Size  Object
  -------               ----         -------    ----  ------
"A0":                                          0x3c0
  .intvec               ro code          0x0   0x3c0  startup_TM4C1294.o [1]
                                     - 0x3c0   0x3c0

"P1":                                         0x2649
  .text                 ro code        0x3c0   0x750  rtx_thread.o [2]
  .text                 ro code        0xb10     0x2  rtx_evr.o [2]
  .text                 ro code        0xb12     0x2  rtx_evr.o [2]
  .text                 ro code        0xb14     0x2  rtx_evr.o [2]
  .text                 ro code        0xb16     0x2  rtx_evr.o [2]
  .text                 ro code        0xb18     0x2  rtx_evr.o [2]
  .text                 ro code        0xb1a     0x2  rtx_evr.o [2]
  .text                 ro code        0xb1c     0x2  rtx_evr.o [2]
  .text                 ro code        0xb1e     0x2  rtx_evr.o [2]
  .text                 ro code        0xb20     0x2  rtx_evr.o [2]
  .text                 ro code        0xb22     0x2  rtx_evr.o [2]
  .text                 ro code        0xb24    0x28  rtx_thread.o [2]
  .text                 ro code        0xb4c     0x2  rtx_evr.o [2]
  .text                 ro code        0xb4e     0x2  rtx_evr.o [2]
  .text                 ro code        0xb50     0x2  rtx_evr.o [2]
  .text                 ro code        0xb52    0x3a  packbits_init_single.o [5]
  .text                 ro code        0xb8c    0xe6  rtx_mempool.o [2]
  .text                 ro code        0xc72     0x2  rtx_evr.o [2]
  .text                 ro code        0xc74    0x84  rtx_memory.o [2]
  .text                 ro code        0xcf8     0x6  ABImemclr4.o [5]
  .text                 ro code        0xcfe     0x2  rtx_evr.o [2]
  .text                 ro code        0xd00    0x4a  rtx_memory.o [2]
  .text                 ro code        0xd4a     0x2  RTX_Config.o [1]
  .text                 ro code        0xd4c   0x34c  rtx_mutex.o [2]
  .text                 ro code       0x1098     0x2  rtx_evr.o [2]
  .text                 ro code       0x109a     0x2  rtx_evr.o [2]
  .text                 ro code       0x109c     0x2  rtx_evr.o [2]
  .text                 ro code       0x109e     0x2  rtx_evr.o [2]
  .text                 ro code       0x10a0    0x20  RTX_Config.o [1]
  .text                 ro code       0x10c0     0x2  rtx_evr.o [2]
  .text                 ro code       0x10c2     0x2  rtx_evr.o [2]
  .text                 ro code       0x10c4     0x2  rtx_evr.o [2]
  .text                 ro code       0x10c6     0x2  rtx_evr.o [2]
  .text                 ro code       0x10c8    0x32  ABImemset48.o [5]
  .text                 ro code       0x10fa     0x2  rtx_evr.o [2]
  .text                 ro code       0x10fc     0x2  rtx_evr.o [2]
  .text                 ro code       0x10fe     0x2  rtx_evr.o [2]
  .text                 ro code       0x1100     0x2  rtx_evr.o [2]
  .text                 ro code       0x1102     0x2  rtx_evr.o [2]
  .text                 ro code       0x1104     0x2  rtx_evr.o [2]
  .text                 ro code       0x1106     0x2  rtx_evr.o [2]
  .text                 ro code       0x1108     0x2  rtx_evr.o [2]
  .text                 ro code       0x110a     0x2  rtx_evr.o [2]
  .text                 ro code       0x110c     0x2  rtx_evr.o [2]
  .text                 ro code       0x110e     0x2  startup_TM4C1294.o [1]
  .text                 ro code       0x1110   0x61c  rtx_msgqueue.o [2]
  .text                 ro code       0x172c    0xa6  ABImemcpy.o [5]
  .text                 ro code       0x17d2     0x2  rtx_evr.o [2]
  .text                 ro code       0x17d4     0x2  rtx_evr.o [2]
  .text                 ro code       0x17d6     0x2  rtx_evr.o [2]
  .text                 ro code       0x17d8     0x6  ABImemclr.o [5]
  .text                 ro code       0x17de     0x2  rtx_evr.o [2]
  .text                 ro code       0x17e0     0x2  rtx_evr.o [2]
  .text                 ro code       0x17e2     0x2  rtx_evr.o [2]
  .text                 ro code       0x17e4     0x2  rtx_evr.o [2]
  .text                 ro code       0x17e6     0x2  rtx_evr.o [2]
  .text                 ro code       0x17e8     0x2  rtx_evr.o [2]
  .text                 ro code       0x17ea     0x2  rtx_evr.o [2]
  .text                 ro code       0x17ec   0x16c  rtx_system.o [2]
  .text                 ro code       0x1958     0x2  rtx_evr.o [2]
  .text                 ro code       0x195a     0x2  rtx_evr.o [2]
  .text                 ro code       0x195c    0x5e  ABImemset.o [5]
  .text                 ro code       0x19bc     0xc  os_systick.o [2]
  .text                 ro code       0x19c8   0x2dc  rtx_kernel.o [2]
  .text                 ro code       0x1ca4     0x2  rtx_evr.o [2]
  .text                 ro code       0x1ca6    0x44  rtx_memory.o [2]
  .text                 ro code       0x1cea     0x2  rtx_evr.o [2]
  .text                 ro code       0x1cec     0x2  rtx_evr.o [2]
  .text                 ro code       0x1cf0    0x3c  os_systick.o [2]
  .text                 ro code       0x1d2c     0x6  os_systick.o [2]
  .text                 ro code       0x1d34    0x28  os_systick.o [2]
  .text                 ro code       0x1d5c     0x2  rtx_evr.o [2]
  .text                 ro code       0x1d5e     0x2  rtx_lib.o [1]
  .text                 ro code       0x1d60     0x2  rtx_evr.o [2]
  .text                 ro code       0x1d62     0x2  rtx_evr.o [2]
  .text                 ro code       0x1d64     0x2  rtx_evr.o [2]
  .text                 ro code       0x1d66     0x2  rtx_evr.o [2]
  .text                 ro code       0x1d68   0x2bc  sysctl.o [4]
  .rodata               const         0x2024   0x21c  sysctl.o [4]
  .text                 ro code       0x2240   0x150  gpio.o [4]
  .text                 ro code       0x2390   0x130  driverleds.o [1]
  .text                 ro code       0x24c0    0xf8  tarefas.o [1]
  .text                 ro code       0x25b8    0x7c  rtx_delay.o [2]
  .text                 ro code       0x2634     0x2  rtx_evr.o [2]
  .text                 ro code       0x2636     0x2  rtx_evr.o [2]
  .text                 ro code       0x2638     0x2  rtx_evr.o [2]
  .text                 ro code       0x263c    0xc4  irq_cm4f.o [2]
  .text                 ro code       0x2700    0x90  rtx_timer.o [2]
  .rodata               const         0x2790    0x68  rtx_lib.o [1]
  .text                 ro code       0x27f8    0x44  rtx_timer.o [2]
  .text                 ro code       0x283c     0x2  rtx_evr.o [2]
  .text                 ro code       0x283e    0x38  zero_init3.o [5]
  .rodata               const         0x2878    0x30  sysctl.o [4]
  .text                 ro code       0x28a8    0x30  system_TM4C1294_TW.o [1]
  .text                 ro code       0x28d8    0x28  data_init.o [5]
  .rodata               const         0x2900    0x24  rtx_lib.o [1]
  .rodata               const         0x2924    0x24  rtx_lib.o [1]
  .iar.init_table       const         0x2948    0x20  - Linker created -
  .text                 ro code       0x2968    0x1e  cmain.o [5]
  .text                 ro code       0x2986     0x4  low_level_init.o [3]
  .text                 ro code       0x298a     0x4  exit.o [3]
  .text                 ro code       0x2990     0xa  cexit.o [5]
  .text                 ro code       0x299c    0x14  exit.o [6]
  .text                 ro code       0x29b0    0x1c  cstartup_M.o [5]
  .text                 ro code       0x29cc    0x14  startup_TM4C1294.o [1]
  .rodata               const         0x29e0    0x18  rtx_lib.o [1]
  .rodata               const         0x29f8     0x4  rtx_lib.o [1]
  .rodata               const         0x29fc     0x0  zero_init3.o [5]
  .rodata               const         0x29fc     0x0  packbits_init_single.o [5]
  Initializer bytes     const         0x29fc     0xd  <for P2-1>
                                    - 0x2a09  0x2649

"P2", part 1 of 3:                              0xa4
  P2-1                           0x2000'0000    0xa4  <Init block>
    .data.os            inited   0x2000'0000    0xa4  rtx_kernel.o [2]
                               - 0x2000'00a4    0xa4

"P2", part 2 of 3:                            0x1364
  .bss.os               zero     0x2000'00a8  0x1000  rtx_lib.o [1]
  .bss.os.thread.stack  zero     0x2000'10a8   0x100  rtx_lib.o [1]
  .bss.os.thread.stack  zero     0x2000'11a8   0x100  rtx_lib.o [1]
  .bss.os.msgqueue.mem  zero     0x2000'12a8    0x50  rtx_lib.o [1]
  .bss.os.thread.cb     zero     0x2000'12f8    0x44  rtx_lib.o [1]
  .bss.os.thread.cb     zero     0x2000'133c    0x44  rtx_lib.o [1]
  .bss.os               zero     0x2000'1380    0x40  rtx_lib.o [1]
  .bss.os.msgqueue.cb   zero     0x2000'13c0    0x34  rtx_lib.o [1]
  .bss                  zero     0x2000'13f4     0x4  tarefas.o [1]
  .bss                  zero     0x2000'13f8     0x4  tarefas.o [1]
  .bss                  zero     0x2000'13fc     0x4  tarefas.o [1]
  .bss                  zero     0x2000'1400     0x4  tarefas.o [1]
  .bss                  zero     0x2000'1404     0x1  os_systick.o [2]
                               - 0x2000'1405  0x1361

"P2", part 3 of 3:                            0x8008
  .noinit               uninit   0x2000'1408     0x4  system_TM4C1294_TW.o [1]
  CSTACK                         0x2000'1410  0x8000  <Block>
    CSTACK              uninit   0x2000'1410  0x8000  <Block tail>
                               - 0x2000'9410  0x8008

Unused ranges:

         From           To      Size
         ----           --      ----
       0x2a09     0xf'ffff  0xf'd5f7
  0x2000'9410  0x2003'ffff  0x3'6bf0


*******************************************************************************
*** INIT TABLE
***

          Address      Size
          -------      ----
Zero (__iar_zero_init3)
    1 destination range, total size 0x135d:
          0x2000'00a8  0x135d

Copy/packbits (__iar_packbits_init_single3)
    1 source range, total size 0xd (7% of destination):
               0x29fc     0xd
    1 destination range, total size 0xa4:
          0x2000'0000    0xa4



*******************************************************************************
*** MODULE SUMMARY
***

    Module                  ro code  ro data  rw data
    ------                  -------  -------  -------
command line/config:
    -------------------------------------------------
    Total:

E:\Universidade\2020_2\Sistemas Embarcados\Laboratorio5\EK-TM4C1294_RTOS_IAR8\Projects\tarefas\ewarm\Obj: [1]
    RTX_Config.o                 34
    driverleds.o                304
    rtx_lib.o                     2      204    4'940
    startup_TM4C1294.o          982
    system_TM4C1294_TW.o         48                 4
    tarefas.o                   248                16
    -------------------------------------------------
    Total:                    1'618      204    4'960

RTX_CM.a: [2]
    irq_cm4f.o                  196
    os_systick.o                118                 1
    rtx_delay.o                 124
    rtx_evr.o                   114
    rtx_kernel.o                732       13      164
    rtx_memory.o                274
    rtx_mempool.o               230
    rtx_msgqueue.o            1'564
    rtx_mutex.o                 844
    rtx_system.o                364
    rtx_thread.o              1'912
    rtx_timer.o                 212
    -------------------------------------------------
    Total:                    6'684       13      165

dl7M_tln.a: [3]
    exit.o                        4
    low_level_init.o              4
    -------------------------------------------------
    Total:                        8

driverlib.a: [4]
    gpio.o                      336
    sysctl.o                    700      588
    -------------------------------------------------
    Total:                    1'036      588

rt7M_tl.a: [5]
    ABImemclr.o                   6
    ABImemclr4.o                  6
    ABImemcpy.o                 166
    ABImemset.o                  94
    ABImemset48.o                50
    cexit.o                      10
    cmain.o                      30
    cstartup_M.o                 28
    data_init.o                  40
    packbits_init_single.o       58
    zero_init3.o                 56
    -------------------------------------------------
    Total:                      544

shb_l.a: [6]
    exit.o                       20
    -------------------------------------------------
    Total:                       20

    Gaps                         12        2        4
    Linker created                        32   32'768
-----------------------------------------------------
    Grand Total:              9'922      839   37'897


*******************************************************************************
*** ENTRY LIST
***

Entry                       Address    Size  Type      Object
-----                       -------    ----  ----      ------
.iar.init_table$$Base        0x2948           --   Gb  - Linker created -
.iar.init_table$$Limit       0x2968           --   Gb  - Linker created -
?main                        0x2969          Code  Gb  cmain.o [5]
CSTACK$$Base            0x2000'1410           --   Gb  - Linker created -
CSTACK$$Limit           0x2000'9410           --   Gb  - Linker created -
EvrRtxDelayCompleted          0xb11     0x2  Code  Gb  rtx_evr.o [2]
EvrRtxDelayError             0x2635     0x2  Code  Gb  rtx_evr.o [2]
EvrRtxDelayUntil             0x2639     0x2  Code  Gb  rtx_evr.o [2]
EvrRtxDelayUntilStarted
                             0x2637     0x2  Code  Gb  rtx_evr.o [2]
EvrRtxEventFlagsWaitTimeout
                              0xb15     0x2  Code  Gb  rtx_evr.o [2]
EvrRtxKernelError            0x1ca5     0x2  Code  Gb  rtx_evr.o [2]
EvrRtxKernelGetState         0x1ced     0x2  Code  Gb  rtx_evr.o [2]
EvrRtxKernelGetTickCount
                             0x1d65     0x2  Code  Gb  rtx_evr.o [2]
EvrRtxKernelInitialize       0x1d61     0x2  Code  Gb  rtx_evr.o [2]
EvrRtxKernelInitialized
                             0x1ceb     0x2  Code  Gb  rtx_evr.o [2]
EvrRtxKernelStart            0x1d63     0x2  Code  Gb  rtx_evr.o [2]
EvrRtxKernelStarted          0x1d5d     0x2  Code  Gb  rtx_evr.o [2]
EvrRtxMemoryAlloc            0x10c7     0x2  Code  Gb  rtx_evr.o [2]
EvrRtxMemoryBlockAlloc       0x10c3     0x2  Code  Gb  rtx_evr.o [2]
EvrRtxMemoryBlockFree        0x10c5     0x2  Code  Gb  rtx_evr.o [2]
EvrRtxMemoryBlockInit        0x10c1     0x2  Code  Gb  rtx_evr.o [2]
EvrRtxMemoryFree             0x10fb     0x2  Code  Gb  rtx_evr.o [2]
EvrRtxMemoryInit             0x1d67     0x2  Code  Gb  rtx_evr.o [2]
EvrRtxMemoryPoolAllocTimeout
                              0xb1b     0x2  Code  Gb  rtx_evr.o [2]
EvrRtxMessageQueueCreated
                             0x17df     0x2  Code  Gb  rtx_evr.o [2]
EvrRtxMessageQueueError
                             0x17d7     0x2  Code  Gb  rtx_evr.o [2]
EvrRtxMessageQueueGet        0x195b     0x2  Code  Gb  rtx_evr.o [2]
EvrRtxMessageQueueGetPending
                             0x17e5     0x2  Code  Gb  rtx_evr.o [2]
EvrRtxMessageQueueGetTimeout
                              0xb1d     0x2  Code  Gb  rtx_evr.o [2]
EvrRtxMessageQueueInsertPending
                             0x1959     0x2  Code  Gb  rtx_evr.o [2]
EvrRtxMessageQueueInserted
                             0x17d3     0x2  Code  Gb  rtx_evr.o [2]
EvrRtxMessageQueueNew        0x17e9     0x2  Code  Gb  rtx_evr.o [2]
EvrRtxMessageQueueNotInserted
                             0x17e3     0x2  Code  Gb  rtx_evr.o [2]
EvrRtxMessageQueueNotRetrieved
                             0x17e7     0x2  Code  Gb  rtx_evr.o [2]
EvrRtxMessageQueuePut        0x17eb     0x2  Code  Gb  rtx_evr.o [2]
EvrRtxMessageQueuePutPending
                             0x17e1     0x2  Code  Gb  rtx_evr.o [2]
EvrRtxMessageQueuePutTimeout
                              0xb1f     0x2  Code  Gb  rtx_evr.o [2]
EvrRtxMessageQueueRetrieved
                             0x17d5     0x2  Code  Gb  rtx_evr.o [2]
EvrRtxMutexAcquire           0x110b     0x2  Code  Gb  rtx_evr.o [2]
EvrRtxMutexAcquirePending
                             0x1105     0x2  Code  Gb  rtx_evr.o [2]
EvrRtxMutexAcquireTimeout
                              0xb17     0x2  Code  Gb  rtx_evr.o [2]
EvrRtxMutexAcquired          0x10ff     0x2  Code  Gb  rtx_evr.o [2]
EvrRtxMutexCreated           0x1103     0x2  Code  Gb  rtx_evr.o [2]
EvrRtxMutexError             0x1101     0x2  Code  Gb  rtx_evr.o [2]
EvrRtxMutexNew               0x1109     0x2  Code  Gb  rtx_evr.o [2]
EvrRtxMutexNotAcquired       0x1107     0x2  Code  Gb  rtx_evr.o [2]
EvrRtxMutexRelease           0x110d     0x2  Code  Gb  rtx_evr.o [2]
EvrRtxMutexReleased          0x10fd     0x2  Code  Gb  rtx_evr.o [2]
EvrRtxSemaphoreAcquireTimeout
                              0xb19     0x2  Code  Gb  rtx_evr.o [2]
EvrRtxThreadBlocked           0xb4f     0x2  Code  Gb  rtx_evr.o [2]
EvrRtxThreadCreated           0xcff     0x2  Code  Gb  rtx_evr.o [2]
EvrRtxThreadDestroyed        0x109b     0x2  Code  Gb  rtx_evr.o [2]
EvrRtxThreadError             0xc73     0x2  Code  Gb  rtx_evr.o [2]
EvrRtxThreadExit             0x109f     0x2  Code  Gb  rtx_evr.o [2]
EvrRtxThreadFlagsWaitCompleted
                              0xb51     0x2  Code  Gb  rtx_evr.o [2]
EvrRtxThreadFlagsWaitTimeout
                              0xb13     0x2  Code  Gb  rtx_evr.o [2]
EvrRtxThreadJoined           0x1099     0x2  Code  Gb  rtx_evr.o [2]
EvrRtxThreadNew              0x109d     0x2  Code  Gb  rtx_evr.o [2]
EvrRtxThreadPreempted         0xb23     0x2  Code  Gb  rtx_evr.o [2]
EvrRtxThreadSwitched          0xb4d     0x2  Code  Gb  rtx_evr.o [2]
EvrRtxThreadUnblocked         0xb21     0x2  Code  Gb  rtx_evr.o [2]
EvrRtxTimerCallback          0x283d     0x2  Code  Gb  rtx_evr.o [2]
GPIODirModeSet               0x2241    0x28  Code  Gb  gpio.o [4]
GPIOPadConfigSet             0x2269   0x104  Code  Gb  gpio.o [4]
GPIOPinTypeGPIOOutput        0x2375     0xa  Code  Gb  gpio.o [4]
GPIOPinWrite                 0x236d     0x8  Code  Gb  gpio.o [4]
LEDInit                      0x2391    0xba  Code  Gb  driverleds.o [1]
LEDWrite                     0x244b    0x64  Code  Gb  driverleds.o [1]
MessageQueueGet              0x115d    0x40  Code  Lc  rtx_msgqueue.o [2]
MessageQueuePut              0x1111    0x4a  Code  Lc  rtx_msgqueue.o [2]
MessageQueueRemove           0x119d    0x1a  Code  Lc  rtx_msgqueue.o [2]
OS_Tick_AcknowledgeIRQ       0x19bd     0xc  Code  Gb  os_systick.o [2]
OS_Tick_Enable               0x1d35    0x28  Code  Gb  os_systick.o [2]
OS_Tick_GetIRQn              0x1d2d     0x6  Code  Gb  os_systick.o [2]
OS_Tick_Setup                0x1cf1    0x3c  Code  Gb  os_systick.o [2]
PendST                  0x2000'1404     0x1  Data  Lc  os_systick.o [2]
PendSV_Handler               0x26d5          Code  Gb  irq_cm4f.o [2]
Region$$Table$$Base          0x2948           --   Gb  - Linker created -
Region$$Table$$Limit         0x2968           --   Gb  - Linker created -
SVC_Handler                  0x263d          Code  Gb  irq_cm4f.o [2]
SysCtlClockFreqSet           0x1dcb   0x218  Code  Gb  sysctl.o [4]
SysCtlPeripheralEnable       0x1dad     0x8  Code  Gb  sysctl.o [4]
SysCtlPeripheralReady        0x1d8b     0x8  Code  Gb  sysctl.o [4]
SysTick_Handler              0x26e5          Code  Gb  irq_cm4f.o [2]
SystemCoreClock         0x2000'1408     0x4  Data  Gb  system_TM4C1294_TW.o [1]
SystemInit                   0x28a9    0x1c  Code  Gb  system_TM4C1294_TW.o [1]
ThreadFlagsCheck              0x3c1    0x6c  Code  Lc  rtx_thread.o [2]
TimerInsert                  0x2701    0x38  Code  Lc  rtx_timer.o [2]
_SysCtlMemTimingGet          0x1d69    0x22  Code  Lc  sysctl.o [4]
__Vectors                       0x0           --   Gb  startup_TM4C1294.o [1]
__Vectors_End                 0x3c0          Data  Gb  startup_TM4C1294.o [1]
__Vectors_Size {Abs}          0x3c0           --   Gb  startup_TM4C1294.o [1]
__aeabi_memclr               0x17d9          Code  Gb  ABImemclr.o [5]
__aeabi_memclr4               0xcf9          Code  Gb  ABImemclr4.o [5]
__aeabi_memcpy               0x172d          Code  Gb  ABImemcpy.o [5]
__aeabi_memcpy4              0x174d          Code  Gb  ABImemcpy.o [5]
__aeabi_memcpy8              0x174d          Code  Gb  ABImemcpy.o [5]
__cmain                      0x2969          Code  Gb  cmain.o [5]
__exit                       0x299d    0x14  Code  Gb  exit.o [6]
__iar_Memset4_word           0x10c9          Code  Gb  ABImemset48.o [5]
__iar_Memset8_word           0x10c9          Code  Gb  ABImemset48.o [5]
__iar_Memset_word            0x195d          Code  Gb  ABImemset.o [5]
__iar_data_init3             0x28d9    0x28  Code  Gb  data_init.o [5]
__iar_init_vfp               0x29d5          Code  Wk  startup_TM4C1294.o [1]
__iar_packbits_init_single3
                              0xb53    0x3a  Code  Gb  packbits_init_single.o [5]
__iar_program_start          0x29b1          Code  Gb  cstartup_M.o [5]
__iar_zero_init3             0x283f    0x38  Code  Gb  zero_init3.o [5]
__low_level_init             0x2987     0x4  Code  Gb  low_level_init.o [3]
__vector_table                  0x0          Data  Gb  startup_TM4C1294.o [1]
__vector_table_0x1c            0x1c          Data  Gb  startup_TM4C1294.o [1]
_call_main                   0x2975          Code  Gb  cmain.o [5]
_exit                        0x2991          Code  Gb  cexit.o [5]
exit                         0x298b     0x4  Code  Gb  exit.o [3]
g_pppui32XTALtoVCO           0x2024   0x1b0  Data  Lc  sysctl.o [4]
g_pui32VCOFrequencies        0x201c     0x8  Data  Lc  sysctl.o [4]
g_pui32Xtals                 0x21d4    0x6c  Data  Lc  sysctl.o [4]
g_sXTALtoMEMTIM              0x2878    0x30  Data  Lc  sysctl.o [4]
main                         0x2555    0x4a  Code  Gb  tarefas.o [1]
mutex1_id               0x2000'13fc     0x4  Data  Gb  tarefas.o [1]
mutex2_id               0x2000'1400     0x4  Data  Gb  tarefas.o [1]
osDelayUntil                 0x25f5    0x38  Code  Gb  rtx_delay.o [2]
osKernelGetState             0x1bd9    0x40  Code  Gb  rtx_kernel.o [2]
osKernelGetTickCount         0x1c4d    0x20  Code  Gb  rtx_kernel.o [2]
osKernelInitialize           0x1ba1    0x38  Code  Gb  rtx_kernel.o [2]
osKernelStart                0x1c19    0x34  Code  Gb  rtx_kernel.o [2]
osMessageQueueGet            0x1689    0x90  Code  Gb  rtx_msgqueue.o [2]
osMessageQueueNew            0x15b1    0x3e  Code  Gb  rtx_msgqueue.o [2]
osMessageQueuePut            0x15f1    0x98  Code  Gb  rtx_msgqueue.o [2]
osMutexAcquire               0x100d    0x3e  Code  Gb  rtx_mutex.o [2]
osMutexNew                    0xfd5    0x36  Code  Gb  rtx_mutex.o [2]
osMutexRelease               0x104d    0x3a  Code  Gb  rtx_mutex.o [2]
osRtxConfig                  0x2790    0x68  Data  Gb  rtx_lib.o [1]
osRtxErrorNotify             0x10a1    0x20  Code  Gb  RTX_Config.o [1]
osRtxIdleThread               0xd4b     0x2  Code  Gb  RTX_Config.o [1]
osRtxInfo               0x2000'0000    0xa4  Data  Gb  rtx_kernel.o [2]
osRtxKernelPreInit           0x1d5f     0x2  Code  Gb  rtx_lib.o [1]
osRtxMemoryAlloc              0xc75    0x84  Code  Gb  rtx_memory.o [2]
osRtxMemoryFree               0xd01    0x4a  Code  Gb  rtx_memory.o [2]
osRtxMemoryInit              0x1ca7    0x44  Code  Gb  rtx_memory.o [2]
osRtxMemoryPoolAlloc          0xbd9    0x44  Code  Gb  rtx_mempool.o [2]
osRtxMemoryPoolFree           0xc1d    0x56  Code  Gb  rtx_mempool.o [2]
osRtxMemoryPoolInit           0xb8d    0x4a  Code  Gb  rtx_mempool.o [2]
osRtxMessageQueuePostProcess
                             0x11b7    0xe6  Code  Lc  rtx_msgqueue.o [2]
osRtxMutexOwnerRelease        0xd4d    0x52  Code  Gb  rtx_mutex.o [2]
osRtxPendSV_Handler          0x185d    0x88  Code  Gb  rtx_system.o [2]
osRtxPostProcess             0x18e5    0x6c  Code  Gb  rtx_system.o [2]
osRtxThreadBlock              0x64b    0x34  Code  Lc  rtx_thread.o [2]
osRtxThreadDelayInsert        0x4a3    0x62  Code  Lc  rtx_thread.o [2]
osRtxThreadDelayRemove        0x505    0x44  Code  Lc  rtx_thread.o [2]
osRtxThreadDelayTick          0x549    0xee  Code  Gb  rtx_thread.o [2]
osRtxThreadDispatch           0x69b    0x54  Code  Gb  rtx_thread.o [2]
osRtxThreadFree               0x979    0x54  Code  Lc  rtx_thread.o [2]
osRtxThreadListGet            0x44f    0x14  Code  Gb  rtx_thread.o [2]
osRtxThreadListPut            0x42d    0x22  Code  Gb  rtx_thread.o [2]
osRtxThreadListRemove         0x485    0x16  Code  Gb  rtx_thread.o [2]
osRtxThreadListSort           0x463    0x22  Code  Gb  rtx_thread.o [2]
osRtxThreadPostProcess        0x763    0x54  Code  Lc  rtx_thread.o [2]
osRtxThreadReadyPut           0x49b     0x8  Code  Gb  rtx_thread.o [2]
osRtxThreadRegPtr             0x637    0x14  Code  Gb  rtx_thread.o [2]
osRtxThreadStackCheck         0xb25    0x28  Code  Gb  rtx_thread.o [2]
osRtxThreadStartup            0xa61    0x30  Code  Gb  rtx_thread.o [2]
osRtxThreadSwitch             0x67f    0x1c  Code  Gb  rtx_thread.o [2]
osRtxThreadWaitEnter          0x729    0x3a  Code  Gb  rtx_thread.o [2]
osRtxThreadWaitExit           0x6f5    0x2e  Code  Gb  rtx_thread.o [2]
osRtxTick_Handler            0x17ed    0x6e  Code  Gb  rtx_system.o [2]
osRtxTimerThread             0x27f9    0x44  Code  Gb  rtx_timer.o [2]
osRtxTimerTick               0x2739    0x54  Code  Lc  rtx_timer.o [2]
osRtxUserSVC                 0x29f8     0x4  Data  Gb  rtx_lib.o [1]
osThreadExit                  0xadd    0x16  Code  Gb  rtx_thread.o [2]
osThreadNew                   0xa95    0x40  Code  Gb  rtx_thread.o [2]
os_idle_thread_attr          0x2900    0x24  Data  Lc  rtx_lib.o [1]
os_idle_thread_cb       0x2000'12f8    0x44  Data  Lc  rtx_lib.o [1]
os_idle_thread_stack    0x2000'10a8   0x100  Data  Lc  rtx_lib.o [1]
os_isr_queue            0x2000'1380    0x40  Data  Lc  rtx_lib.o [1]
os_mem                  0x2000'00a8  0x1000  Data  Lc  rtx_lib.o [1]
os_timer_mq_attr             0x29e0    0x18  Data  Lc  rtx_lib.o [1]
os_timer_mq_cb          0x2000'13c0    0x34  Data  Lc  rtx_lib.o [1]
os_timer_mq_data        0x2000'12a8    0x50  Data  Lc  rtx_lib.o [1]
os_timer_thread_attr         0x2924    0x24  Data  Lc  rtx_lib.o [1]
os_timer_thread_cb      0x2000'133c    0x44  Data  Lc  rtx_lib.o [1]
os_timer_thread_stack   0x2000'11a8   0x100  Data  Lc  rtx_lib.o [1]
svcRtxDelayUntil             0x25b9    0x3c  Code  Lc  rtx_delay.o [2]
svcRtxKernelGetState         0x1af5    0x12  Code  Lc  rtx_kernel.o [2]
svcRtxKernelGetTickCount
                             0x1b9d     0x4  Code  Lc  rtx_kernel.o [2]
svcRtxKernelInitialize       0x19c9   0x12c  Code  Lc  rtx_kernel.o [2]
svcRtxKernelStart            0x1b07    0x96  Code  Lc  rtx_kernel.o [2]
svcRtxMessageQueueGet        0x14a1    0xe8  Code  Lc  rtx_msgqueue.o [2]
svcRtxMessageQueueNew        0x129d   0x130  Code  Lc  rtx_msgqueue.o [2]
svcRtxMessageQueuePut        0x13cd    0xd4  Code  Lc  rtx_msgqueue.o [2]
svcRtxMutexAcquire            0xe21    0xd2  Code  Lc  rtx_mutex.o [2]
svcRtxMutexNew                0xd9f    0x82  Code  Lc  rtx_mutex.o [2]
svcRtxMutexRelease            0xef3    0xd6  Code  Lc  rtx_mutex.o [2]
svcRtxThreadExit              0x9cd    0x8e  Code  Lc  rtx_thread.o [2]
svcRtxThreadNew               0x7b7   0x1bc  Code  Lc  rtx_thread.o [2]
thread1                      0x24c1    0x4a  Code  Gb  tarefas.o [1]
thread1_id              0x2000'13f4     0x4  Data  Gb  tarefas.o [1]
thread2                      0x250b    0x4a  Code  Gb  tarefas.o [1]
thread2_id              0x2000'13f8     0x4  Data  Gb  tarefas.o [1]


[1] = E:\Universidade\2020_2\Sistemas Embarcados\Laboratorio5\EK-TM4C1294_RTOS_IAR8\Projects\tarefas\ewarm\Obj
[2] = RTX_CM.a
[3] = dl7M_tln.a
[4] = driverlib.a
[5] = rt7M_tl.a
[6] = shb_l.a

   9'922 bytes of readonly  code memory
     839 bytes of readonly  data memory
  37'897 bytes of readwrite data memory

Errors: none
Warnings: none
